*** Using Compiler 'V5.06 update 7 (build 960)', folder: 'C:\Users\13538\AppData\Local\Keil_v5\ARM\ARMCC\Bin'
Build target 'P02_remote_hal'
assembling startup_stm32f103xb.s...
compiling croutine.c...
compiling event_groups.c...
compiling list.c...
compiling stream_buffer.c...
compiling queue.c...
compiling timers.c...
compiling stm32f1xx_it.c...
compiling tasks.c...
compiling heap_4.c...
compiling port.c...
compiling stm32f1xx_hal_pwr.c...
compiling stm32f1xx_hal_flash_ex.c...
compiling spi.c...
compiling stm32f1xx_hal_rcc_ex.c...
compiling stm32f1xx_hal_exti.c...
compiling stm32f1xx_hal_gpio.c...
compiling stm32f1xx_hal_spi.c...
compiling Com_debug.c...
compiling stm32f1xx_hal_flash.c...
compiling system_stm32f1xx.c...
compiling stm32f1xx_hal_cortex.c...
compiling stm32f1xx_hal_gpio_ex.c...
compiling usart.c...
compiling stm32f1xx_hal.c...
compiling stm32f1xx_hal_msp.c...
compiling gpio.c...
compiling stm32f1xx_hal_dma.c...
compiling stm32f1xx_hal_rcc.c...
compiling main.c...
./interface/Init_TP4336.h(8): warning:  #1-D: last line of file ends without a newline
  #endif
../Core/Src/main.c: 1 warning, 0 errors
compiling stm32f1xx_hal_uart.c...
compiling Init_TP4336.c...
interface\Init_TP4336.h(8): warning:  #1-D: last line of file ends without a newline
  #endif
interface\Init_TP4336.c(9): warning:  #223-D: function "vTaskDelay" declared implicitly
      vTaskDelay(100);
interface\Init_TP4336.c(11): warning:  #1-D: last line of file ends without a newline
  }
interface\Init_TP4336.c: 3 warnings, 0 errors
compiling App_freeRTOS_Task.c...
./interface/Init_TP4336.h(8): warning:  #1-D: last line of file ends without a newline
  #endif
Application\App_freeRTOS_Task.c: 1 warning, 0 errors
compiling Int_SI24R1.c...
linking...
Program Size: Code=10420 RO-data=312 RW-data=132 ZI-data=13676  
FromELF: creating hex file...
".\P02_remote_hal\P02_remote_hal.axf" - 0 Error(s), 5 Warning(s).
Build Time Elapsed:  00:00:02
